I'm sorry, but errors were detected in your script. Please correct the
errors listed below, and try again.


File "game/scenes/scene_9.rpy", line 42: Line is indented, but the preceding jump statement statement does not expect a block. Please check this line's indentation.
    menu scene_9_question_2:
    ^

File "game/scenes/scene_9.rpy", line 62: Line is indented, but the preceding jump statement statement does not expect a block. Please check this line's indentation.
    menu scene_9_question_3:
    ^

Ren'Py Version: Ren'Py 7.4.9.2142
Sun Oct 17 20:36:38 2021
